Last login: Fri Jan 18 05:22:14 on ttys000
Radhikas-MacBook-Pro:~ radhikamonpara$ cd
Radhikas-MacBook-Pro:~ radhikamonpara$ ls
AAprac3python.py		README
AndroidStudioProjects		REPORT_semaphore.pdf
Applications			ScholarCV.pdf
CV.pdf				Stages
CVairbus copy.docx		TP_sujet.pdf
CVairbus.docx			Thomas Frank Resume.pdf
City.pdf			Transcript copy.jpg
DataAnalysiswithpandas		Transcript.jpg
Desktop				WebMaps
Documents			coverLetter.pdf
Downloads			eclipse
Dropbox				eclipse-workspace
Hoaremonitor.docx		exStatlist.c
Library				finallestcv.pdf
LittleBookOfSemaphores.pdf	modelio
MacKeeper Backups		pythondictionary
Movies				report_Combine.pdf
Music				scholarship
NetBeansProjects		tsp_s1_v3.txt
NumpyBasics			university_assignments
Pictures			~$airbus.docx
Public				~$ternResume.docx
Radhikas-MacBook-Pro:~ radhikamonpara$ WebMaps
-bash: WebMaps: command not found
Radhikas-MacBook-Pro:~ radhikamonpara$ cd /Users/radhikamonpara/WebMaps 
Radhikas-MacBook-Pro:WebMaps radhikamonpara$ python3
Python 3.7.1 (v3.7.1:260ec2c36a, Oct 20 2018, 03:13:28) 
[Clang 6.0 (clang-600.0.57)] on darwin
Type "help", "copyright", "credits" or "license" for more information.
>>> import pandas
>>> data = pandas.read_csv("Volcanoes.txt")
>>> data
    VOLCANX020    NUMBER     ...            LAT         LON
0        509.0  1201-01=     ...      48.776798 -121.810997
1        511.0  1201-02-     ...      48.111801 -121.111000
2        513.0  1201-03-     ...      46.869801 -121.751000
3        515.0  1201-05-     ...      46.199799 -122.181000
4        516.0  1201-04-     ...      46.205799 -121.490997
5        517.0  1201-06-     ...      45.879799 -122.081001
6        518.0  1201-07-     ...      45.929798 -121.820999
7        519.0  1202-01-     ...      45.373798 -121.691002
8        521.0  1202-02-     ...      44.691799 -121.801002
9        522.0  1202-03-     ...      44.419800 -121.771004
10       523.0  1202-04-     ...      44.379799 -121.931000
11       524.0  1202-05-     ...      44.331799 -121.831001
12       525.0  1202-06-     ...      44.284802 -121.841003
13       526.0  1202-07-     ...      44.169800 -121.771004
14       527.0  1202-08-     ...      44.099800 -121.771004
15       528.0  1202-09-     ...      43.978802 -121.681000
16       531.0  1202-11-     ...      43.721802 -121.221001
17       532.0  1202-10-     ...      43.569801 -121.820999
18       534.0  1202-12-     ...      43.511902 -120.861000
19       535.0  1202-15-     ...      43.240799 -122.100998
20       536.0  1202-13-     ...      43.471901 -120.751000
21       537.0  1202-14-     ...      43.360901 -120.661003
22       538.0  1202-16-     ...      42.929901 -122.121002
23       539.0  1205-01-     ...      44.429901 -110.670998
24       541.0  1202-17-     ...      43.099899 -118.751000
25       542.0  1202-19-     ...      43.149898 -117.471001
26       543.0  1202-18-     ...      42.999901 -117.801002
27       544.0  1204-02-     ...      43.419899 -113.501000
28       545.0  1204-04-     ...      43.499901 -112.450996
29       546.0  1204-01-     ...      43.179901 -114.350998
..         ...       ...     ...            ...         ...
32       549.0  1204-03-     ...      42.879902 -113.221001
33       550.0  1203-01-     ...      41.419899 -122.200996
34       551.0  1203-03-     ...      41.177898 -121.441002
35       552.0  1203-04-     ...      40.954899 -121.361000
36       553.0  1203-05-     ...      40.779900 -121.600998
37       554.0  1203-06-     ...      40.679901 -121.551002
38       555.0  1203-09-     ...      40.629902 -120.831001
39       556.0  1203-08-     ...      40.491901 -121.501000
40       557.0  1203-10-     ...      38.969898 -122.771004
41       558.0  1206-01-     ...      39.374901 -119.721001
42       560.0  1208-01-     ...      39.650002 -107.030998
43       561.0  1203-11-     ...      37.999901 -119.030998
44       562.0  1207-05-     ...      38.970001 -112.501000
45       563.0  1203-12-     ...      37.879902 -119.001000
46       564.0  1203-13-     ...      37.691898 -119.021004
47       565.0  1203-14-     ...      37.699902 -118.871002
48       566.0  1203-15-     ...      37.579899 -119.051002
49       568.0  1203-16-     ...      37.019901 -117.450996
50       569.0  1207-04-     ...      37.580002 -112.670998
51       570.0  1207-01-     ...      37.257000 -113.621002
52       571.0  1207-03-     ...      37.327999 -112.401001
53       572.0  1203-17-     ...      36.357899 -118.320999
54       574.0  1203-18-     ...      36.029900 -117.820999
55       576.0  1209-01-     ...      36.380001 -113.130997
56       579.0  1203-19-     ...      34.750000 -116.621002
57       580.0  1210-03-     ...      35.869999 -106.570999
58       581.0  1209-02-     ...      35.369999 -111.501000
59       584.0  1203-20-     ...      34.549999 -115.780998
60       586.0  1210-02-     ...      34.799999 -108.001000
61       588.0  1210-01-     ...      33.780102 -105.931000

[62 rows x 10 columns]
>>> 
>>> type(data)
<class 'pandas.core.frame.DataFrame'>
>>> data.columns
Index(['VOLCANX020', 'NUMBER', 'NAME', 'LOCATION', 'STATUS', 'ELEV', 'TYPE',
       'TIMEFRAME', 'LAT', 'LON'],
      dtype='object')
>>> lat=list(data["LON"])
>>> lat
[-121.810997, -121.1110001, -121.7509995, -122.1809998, -121.4909973, -122.0810013, -121.8209991, -121.6910019, -121.8010025, -121.7710037, -121.9309998, -121.8310013, -121.8410034, -121.7710037, -121.7710037, -121.6809998, -121.2210007, -121.8209991, -120.8610001, -122.10099790000001, -120.7509995, -120.6610031, -122.1210022, -110.6709976, -118.7509995, -117.4710007, -117.8010025, -113.5009995, -112.45099640000001, -114.35099790000001, -117.5810013, -121.5709991, -113.2210007, -122.20099640000001, -121.4410019, -121.3610001, -121.60099790000001, -121.5510025, -120.8310013, -121.5009995, -122.7710037, -119.7210007, -107.03099820000001, -119.03099820000001, -112.5009995, -119.0009995, -119.0210037, -118.8710022, -119.0510025, -117.45099640000001, -112.6709976, -113.6210022, -112.40100100000001, -118.3209991, -117.8209991, -113.1309967, -116.6210022, -106.5709991, -111.5009995, -115.78099820000001, -108.0009995, -105.9309998]
>>> len(lat)
62
>>> for i,i in zip([1,2,3],[4,5,6])
  File "<stdin>", line 1
    for i,i in zip([1,2,3],[4,5,6])
                                  ^
SyntaxError: invalid syntax
>>> for i,i in zip([1,2,3],[4,5,6]):
...     print(i "and" j)
  File "<stdin>", line 2
    print(i "and" j)
                ^
SyntaxError: invalid syntax
>>>     print(i,"and",j)
  File "<stdin>", line 1
    print(i,"and",j)
    ^
IndentationError: unexpected indent
>>> for i,i in zip([1,2,3],[4,5,6]):
...     print(i,"and",j)
... 
Traceback (most recent call last):
  File "<stdin>", line 2, in <module>
NameError: name 'j' is not defined
>>> for i,j in zip([1,2,3],[4,5,6]):
...     print(i,"and",j)
... 
1 and 4
2 and 5
3 and 6
>>> python3 map1.py
  File "<stdin>", line 1
    python3 map1.py
               ^
SyntaxError: invalid syntax
>>> exit()
Radhikas-MacBook-Pro:WebMaps radhikamonpara$ cd /Users/radhikamonpara/WebMaps 
Radhikas-MacBook-Pro:WebMaps radhikamonpara$ python3 map1.py
Traceback (most recent call last):
  File "map1.py", line 4, in <module>
    lat=data(["LON"])
TypeError: 'DataFrame' object is not callable
Radhikas-MacBook-Pro:WebMaps radhikamonpara$ python3 map1.py
Radhikas-MacBook-Pro:WebMaps radhikamonpara$ python3 map1.py
Radhikas-MacBook-Pro:WebMaps radhikamonpara$ python3 map1.py
Traceback (most recent call last):
  File "map1.py", line 12, in <module>
    fg.add_child(folium.Marker(location=[lt,ln],popup=str(el),icon=folium.icon(color='green')))
AttributeError: module 'folium' has no attribute 'icon'
Radhikas-MacBook-Pro:WebMaps radhikamonpara$ python3 map1.py
Radhikas-MacBook-Pro:WebMaps radhikamonpara$ help(folium.Marker)
-bash: syntax error near unexpected token `folium.Marker'
Radhikas-MacBook-Pro:WebMaps radhikamonpara$ python3 map1.py
Radhikas-MacBook-Pro:WebMaps radhikamonpara$ python3 map1.py
Traceback (most recent call last):
  File "map1.py", line 12, in <module>
    iframe = folium.IFrame(html=html % str(el), width=200,height=100)
NameError: name 'html' is not defined
Radhikas-MacBook-Pro:WebMaps radhikamonpara$ python3 map1.py
Radhikas-MacBook-Pro:WebMaps radhikamonpara$ python3 map1.py
Traceback (most recent call last):
  File "map1.py", line 18, in <module>
    iframe = folium.IFrame(html=html % str(name,name,el), width=200,height=100)
TypeError: str() argument 3 must be str, not float
Radhikas-MacBook-Pro:WebMaps radhikamonpara$ python3 map1.py
Traceback (most recent call last):
  File "map1.py", line 18, in <module>
    iframe = folium.IFrame(html=html % str(str(name),str(name),el), width=200,height=100)
TypeError: str() argument 3 must be str, not float
Radhikas-MacBook-Pro:WebMaps radhikamonpara$ python3 map1.py
<class 'float'>
Traceback (most recent call last):
  File "map1.py", line 19, in <module>
    iframe = folium.IFrame(html=html % str(str(name),str(name),el), width=200,height=100)
TypeError: str() argument 3 must be str, not float
Radhikas-MacBook-Pro:WebMaps radhikamonpara$ python3 map1.py
<class 'float'>
Traceback (most recent call last):
  File "map1.py", line 19, in <module>
    iframe = folium.IFrame(html=html % str(name,name,str(el)), width=200,height=100)
TypeError: decoding str is not supported
Radhikas-MacBook-Pro:WebMaps radhikamonpara$ python3 map1.py
  File "map1.py", line 19
    iframe = folium.IFrame(html=html % name,name,str(el), width=200,height=100)
                                           ^
SyntaxError: positional argument follows keyword argument
Radhikas-MacBook-Pro:WebMaps radhikamonpara$ python3 map1.py
<class 'float'>
<class 'float'>
<class 'float'>
<class 'float'>
<class 'float'>
<class 'float'>
<class 'float'>
<class 'float'>
<class 'float'>
<class 'float'>
<class 'float'>
<class 'float'>
<class 'float'>
<class 'float'>
<class 'float'>
<class 'float'>
<class 'float'>
<class 'float'>
<class 'float'>
<class 'float'>
<class 'float'>
<class 'float'>
<class 'float'>
<class 'float'>
<class 'float'>
<class 'float'>
<class 'float'>
<class 'float'>
<class 'float'>
<class 'float'>
<class 'float'>
<class 'float'>
<class 'float'>
<class 'float'>
<class 'float'>
<class 'float'>
<class 'float'>
<class 'float'>
<class 'float'>
<class 'float'>
<class 'float'>
<class 'float'>
<class 'float'>
<class 'float'>
<class 'float'>
<class 'float'>
<class 'float'>
<class 'float'>
<class 'float'>
<class 'float'>
<class 'float'>
<class 'float'>
<class 'float'>
<class 'float'>
<class 'float'>
<class 'float'>
<class 'float'>
<class 'float'>
<class 'float'>
<class 'float'>
<class 'float'>
<class 'float'>
Radhikas-MacBook-Pro:WebMaps radhikamonpara$ python3 map1.py
Radhikas-MacBook-Pro:WebMaps radhikamonpara$ python3 map1.py
Radhikas-MacBook-Pro:WebMaps radhikamonpara$ python3 map1.py
Traceback (most recent call last):
  File "map1.py", line 26, in <module>
    fgv.add_child(folium.CircleMarker(location=[lt,ln],popup=folium.Popup(iframe),icon=folium.Icon(color=color_producer(el))))
  File "/Library/Frameworks/Python.framework/Versions/3.7/lib/python3.7/site-packages/folium/vector_layers.py", line 328, in __init__
    self.options = _parse_options(line=False, radius=radius, **kwargs)
  File "/Library/Frameworks/Python.framework/Versions/3.7/lib/python3.7/site-packages/folium/vector_layers.py", line 125, in _parse_options
    options = path_options(**kwargs)
  File "/Library/Frameworks/Python.framework/Versions/3.7/lib/python3.7/site-packages/folium/vector_layers.py", line 88, in path_options
    'expected {valid_options}'.format(non_valid=non_valid, valid_options=valid_options)
ValueError: ['icon'] are not valid options, expected ('bubbling_mouse_events', 'color', 'dash_array', 'dash_offset', 'fill', 'fill_color', 'fill_opacity', 'fill_rule', 'line_cap', 'line_join', 'opacity', 'stroke', 'weight')
Radhikas-MacBook-Pro:WebMaps radhikamonpara$ help(CircleMarker)
-bash: syntax error near unexpected token `CircleMarker'
Radhikas-MacBook-Pro:WebMaps radhikamonpara$ dir(folium)
-bash: syntax error near unexpected token `folium'
Radhikas-MacBook-Pro:WebMaps radhikamonpara$ folium
-bash: folium: command not found
Radhikas-MacBook-Pro:WebMaps radhikamonpara$ python3 map1.py
Radhikas-MacBook-Pro:WebMaps radhikamonpara$ 
